{% load staticfiles %}

<!DOCTYPE html>
<html lang="en">
<head>
    <meta charset="utf-8">
    <meta http-equiv="X-UA-Compatible" content="IE=edge">
    <meta name="viewport" content="width=device-width, initial-scale=1.0, maximum-scale=1.0">
    <meta name="description" content="">
    <meta name="author" content="">

    <title>Bootstrap</title>

</head>
<body>
    <script>
        console.log('hello');
    </script>
</body>
</html>
